chrom    pos    sid    nt1    nt2    raw_beta    raw_pval_beta    updated_beta    updated_pval_beta 
chrom_1    205    SNP_ID_1_206    A    G    6.1537e-02    6.1537e-02    0.0000e+00    0.0000e+00
chrom_1    206    SNP_ID_1_207    A    G    7.7507e-02    7.7507e-02    0.0000e+00    0.0000e+00
chrom_1    207    SNP_ID_1_208    A    G    7.9419e-02    7.9419e-02    7.9419e-02    7.9419e-02
chrom_1    208    SNP_ID_1_209    A    G    7.1645e-02    7.1645e-02    0.0000e+00    0.0000e+00
chrom_1    209    SNP_ID_1_210    A    G    7.5257e-02    7.5257e-02    0.0000e+00    0.0000e+00
chrom_1    210    SNP_ID_1_211    A    G    7.2410e-02    7.2410e-02    0.0000e+00    0.0000e+00
chrom_1    211    SNP_ID_1_212    A    G    5.2220e-02    5.2220e-02    0.0000e+00    0.0000e+00
chrom_1    222    SNP_ID_1_223    A    G    5.3601e-02    5.3601e-02    5.3601e-02    5.3601e-02
chrom_1    313    SNP_ID_1_314    A    G    5.4368e-02    5.4368e-02    5.4368e-02    5.4368e-02
chrom_1    319    SNP_ID_1_320    A    G    5.7445e-02    5.7445e-02    0.0000e+00    0.0000e+00
chrom_1    320    SNP_ID_1_321    A    G    6.4418e-02    6.4418e-02    0.0000e+00    0.0000e+00
chrom_1    321    SNP_ID_1_322    A    G    5.6643e-02    5.6643e-02    0.0000e+00    0.0000e+00
chrom_1    322    SNP_ID_1_323    A    G    5.3888e-02    5.3888e-02    0.0000e+00    0.0000e+00
chrom_1    324    SNP_ID_1_325    A    G    6.2434e-02    6.2434e-02    0.0000e+00    0.0000e+00
chrom_1    325    SNP_ID_1_326    A    G    8.3553e-02    8.3553e-02    8.3553e-02    8.3553e-02
chrom_1    326    SNP_ID_1_327    A    G    5.7100e-02    5.7100e-02    0.0000e+00    0.0000e+00
chrom_1    832    SNP_ID_1_833    A    G    5.6697e-02    5.6697e-02    5.6697e-02    5.6697e-02
chrom_1    838    SNP_ID_1_839    A    G    5.6396e-02    5.6396e-02    0.0000e+00    0.0000e+00
chrom_1    842    SNP_ID_1_843    A    G    6.7117e-02    6.7117e-02    0.0000e+00    0.0000e+00
chrom_1    843    SNP_ID_1_844    A    G    5.2300e-02    5.2300e-02    0.0000e+00    0.0000e+00
chrom_1    844    SNP_ID_1_845    A    G    5.7011e-02    5.7011e-02    0.0000e+00    0.0000e+00
chrom_1    845    SNP_ID_1_846    A    G    6.2082e-02    6.2082e-02    0.0000e+00    0.0000e+00
chrom_1    846    SNP_ID_1_847    A    G    6.0674e-02    6.0674e-02    0.0000e+00    0.0000e+00
chrom_1    847    SNP_ID_1_848    A    G    6.7095e-02    6.7095e-02    0.0000e+00    0.0000e+00
chrom_1    848    SNP_ID_1_849    A    G    7.8683e-02    7.8683e-02    7.8683e-02    7.8683e-02
chrom_1    849    SNP_ID_1_850    A    G    5.9691e-02    5.9691e-02    0.0000e+00    0.0000e+00
chrom_1    850    SNP_ID_1_851    A    G    5.3873e-02    5.3873e-02    0.0000e+00    0.0000e+00
chrom_1    851    SNP_ID_1_852    A    G    5.2265e-02    5.2265e-02    0.0000e+00    0.0000e+00
chrom_1    1993    SNP_ID_1_1994    A    G    -6.1133e-02    -6.1133e-02    -0.0000e+00    -0.0000e+00
chrom_1    1994    SNP_ID_1_1995    A    G    -1.0222e-01    -1.0222e-01    -1.0222e-01    -1.0222e-01
chrom_1    1995    SNP_ID_1_1996    A    G    -6.9005e-02    -6.9005e-02    -0.0000e+00    -0.0000e+00
chrom_1    1996    SNP_ID_1_1997    A    G    -5.6569e-02    -5.6569e-02    -0.0000e+00    -0.0000e+00
chrom_1    1997    SNP_ID_1_1998    A    G    -6.4118e-02    -6.4118e-02    -0.0000e+00    -0.0000e+00
chrom_1    1998    SNP_ID_1_1999    A    G    -5.9603e-02    -5.9603e-02    -0.0000e+00    -0.0000e+00
chrom_1    2057    SNP_ID_1_2058    A    G    -5.3483e-02    -5.3483e-02    -5.3483e-02    -5.3483e-02
chrom_1    3701    SNP_ID_1_3702    A    G    5.4640e-02    5.4640e-02    5.4640e-02    5.4640e-02
chrom_1    3702    SNP_ID_1_3703    A    G    6.5036e-02    6.5036e-02    0.0000e+00    0.0000e+00
chrom_1    3703    SNP_ID_1_3704    A    G    5.6057e-02    5.6057e-02    0.0000e+00    0.0000e+00
chrom_1    3705    SNP_ID_1_3706    A    G    5.4962e-02    5.4962e-02    0.0000e+00    0.0000e+00
chrom_1    3707    SNP_ID_1_3708    A    G    5.4665e-02    5.4665e-02    0.0000e+00    0.0000e+00
chrom_1    3709    SNP_ID_1_3710    A    G    5.6004e-02    5.6004e-02    0.0000e+00    0.0000e+00
chrom_1    3710    SNP_ID_1_3711    A    G    6.1475e-02    6.1475e-02    0.0000e+00    0.0000e+00
chrom_1    3711    SNP_ID_1_3712    A    G    8.2898e-02    8.2898e-02    0.0000e+00    0.0000e+00
chrom_1    3712    SNP_ID_1_3713    A    G    1.1105e-01    1.1105e-01    1.1105e-01    1.1105e-01
chrom_1    3713    SNP_ID_1_3714    A    G    9.8420e-02    9.8420e-02    0.0000e+00    0.0000e+00
chrom_1    3714    SNP_ID_1_3715    A    G    8.0929e-02    8.0929e-02    0.0000e+00    0.0000e+00
chrom_1    3715    SNP_ID_1_3716    A    G    6.5893e-02    6.5893e-02    0.0000e+00    0.0000e+00
chrom_1    3716    SNP_ID_1_3717    A    G    5.7478e-02    5.7478e-02    0.0000e+00    0.0000e+00
chrom_1    3717    SNP_ID_1_3718    A    G    5.7853e-02    5.7853e-02    0.0000e+00    0.0000e+00
chrom_1    3719    SNP_ID_1_3720    A    G    6.0467e-02    6.0467e-02    0.0000e+00    0.0000e+00
chrom_1    3923    SNP_ID_1_3924    A    G    -5.9791e-02    -5.9791e-02    -0.0000e+00    -0.0000e+00
chrom_1    3924    SNP_ID_1_3925    A    G    -5.9115e-02    -5.9115e-02    -0.0000e+00    -0.0000e+00
chrom_1    3925    SNP_ID_1_3926    A    G    -6.2241e-02    -6.2241e-02    -6.2241e-02    -6.2241e-02
chrom_1    3929    SNP_ID_1_3930    A    G    -5.9352e-02    -5.9352e-02    -0.0000e+00    -0.0000e+00
chrom_1    3930    SNP_ID_1_3931    A    G    -5.7905e-02    -5.7905e-02    -0.0000e+00    -0.0000e+00
chrom_1    3931    SNP_ID_1_3932    A    G    -5.6566e-02    -5.6566e-02    -0.0000e+00    -0.0000e+00
chrom_1    3933    SNP_ID_1_3934    A    G    -5.7616e-02    -5.7616e-02    -0.0000e+00    -0.0000e+00
chrom_1    3934    SNP_ID_1_3935    A    G    -5.8812e-02    -5.8812e-02    -0.0000e+00    -0.0000e+00
chrom_1    3935    SNP_ID_1_3936    A    G    -5.8156e-02    -5.8156e-02    -0.0000e+00    -0.0000e+00
chrom_1    3936    SNP_ID_1_3937    A    G    -6.7899e-02    -6.7899e-02    -6.7899e-02    -6.7899e-02
chrom_1    3941    SNP_ID_1_3942    A    G    -5.5590e-02    -5.5590e-02    -0.0000e+00    -0.0000e+00
chrom_1    3942    SNP_ID_1_3943    A    G    -5.7614e-02    -5.7614e-02    -0.0000e+00    -0.0000e+00
chrom_1    3943    SNP_ID_1_3944    A    G    -5.4291e-02    -5.4291e-02    -0.0000e+00    -0.0000e+00
chrom_1    3950    SNP_ID_1_3951    A    G    -5.3581e-02    -5.3581e-02    -5.3581e-02    -5.3581e-02
chrom_1    4201    SNP_ID_1_4202    A    G    5.8679e-02    5.8679e-02    5.8679e-02    5.8679e-02
chrom_1    4202    SNP_ID_1_4203    A    G    5.8619e-02    5.8619e-02    0.0000e+00    0.0000e+00
chrom_1    4203    SNP_ID_1_4204    A    G    5.6187e-02    5.6187e-02    0.0000e+00    0.0000e+00
chrom_1    4206    SNP_ID_1_4207    A    G    5.3907e-02    5.3907e-02    0.0000e+00    0.0000e+00
chrom_1    4210    SNP_ID_1_4211    A    G    6.0661e-02    6.0661e-02    6.0661e-02    6.0661e-02
chrom_1    4211    SNP_ID_1_4212    A    G    5.5190e-02    5.5190e-02    0.0000e+00    0.0000e+00
chrom_1    4220    SNP_ID_1_4221    A    G    5.6848e-02    5.6848e-02    0.0000e+00    0.0000e+00
chrom_1    4224    SNP_ID_1_4225    A    G    6.0609e-02    6.0609e-02    0.0000e+00    0.0000e+00
chrom_1    4225    SNP_ID_1_4226    A    G    6.9801e-02    6.9801e-02    6.9801e-02    6.9801e-02
chrom_1    4226    SNP_ID_1_4227    A    G    5.6875e-02    5.6875e-02    0.0000e+00    0.0000e+00
chrom_1    4228    SNP_ID_1_4229    A    G    5.7678e-02    5.7678e-02    0.0000e+00    0.0000e+00
chrom_1    4229    SNP_ID_1_4230    A    G    6.3273e-02    6.3273e-02    0.0000e+00    0.0000e+00
chrom_1    4230    SNP_ID_1_4231    A    G    7.9432e-02    7.9432e-02    0.0000e+00    0.0000e+00
chrom_1    4231    SNP_ID_1_4232    A    G    6.9933e-02    6.9933e-02    0.0000e+00    0.0000e+00
chrom_1    4232    SNP_ID_1_4233    A    G    8.0655e-02    8.0655e-02    0.0000e+00    0.0000e+00
chrom_1    4233    SNP_ID_1_4234    A    G    9.6750e-02    9.6750e-02    0.0000e+00    0.0000e+00
chrom_1    4234    SNP_ID_1_4235    A    G    1.0956e-01    1.0956e-01    0.0000e+00    0.0000e+00
chrom_1    4235    SNP_ID_1_4236    A    G    1.2990e-01    1.2990e-01    1.2990e-01    1.2990e-01
chrom_1    4236    SNP_ID_1_4237    A    G    9.7715e-02    9.7715e-02    0.0000e+00    0.0000e+00
chrom_1    4237    SNP_ID_1_4238    A    G    9.5626e-02    9.5626e-02    0.0000e+00    0.0000e+00
chrom_1    4238    SNP_ID_1_4239    A    G    9.6744e-02    9.6744e-02    0.0000e+00    0.0000e+00
chrom_1    4239    SNP_ID_1_4240    A    G    7.9422e-02    7.9422e-02    0.0000e+00    0.0000e+00
chrom_1    4240    SNP_ID_1_4241    A    G    8.6997e-02    8.6997e-02    0.0000e+00    0.0000e+00
chrom_1    4241    SNP_ID_1_4242    A    G    8.1037e-02    8.1037e-02    0.0000e+00    0.0000e+00
chrom_1    4242    SNP_ID_1_4243    A    G    7.9983e-02    7.9983e-02    0.0000e+00    0.0000e+00
chrom_1    4243    SNP_ID_1_4244    A    G    6.8727e-02    6.8727e-02    0.0000e+00    0.0000e+00
chrom_1    4244    SNP_ID_1_4245    A    G    6.7510e-02    6.7510e-02    0.0000e+00    0.0000e+00
chrom_1    4246    SNP_ID_1_4247    A    G    6.5197e-02    6.5197e-02    0.0000e+00    0.0000e+00
chrom_1    4247    SNP_ID_1_4248    A    G    6.3674e-02    6.3674e-02    0.0000e+00    0.0000e+00
chrom_1    4248    SNP_ID_1_4249    A    G    6.7291e-02    6.7291e-02    0.0000e+00    0.0000e+00
chrom_1    4249    SNP_ID_1_4250    A    G    7.0854e-02    7.0854e-02    7.0854e-02    7.0854e-02
chrom_1    4250    SNP_ID_1_4251    A    G    6.2915e-02    6.2915e-02    0.0000e+00    0.0000e+00
chrom_1    4253    SNP_ID_1_4254    A    G    5.6130e-02    5.6130e-02    0.0000e+00    0.0000e+00
chrom_1    4254    SNP_ID_1_4255    A    G    5.8496e-02    5.8496e-02    0.0000e+00    0.0000e+00
chrom_1    4257    SNP_ID_1_4258    A    G    6.7529e-02    6.7529e-02    0.0000e+00    0.0000e+00
chrom_1    4258    SNP_ID_1_4259    A    G    5.8042e-02    5.8042e-02    0.0000e+00    0.0000e+00
chrom_1    4259    SNP_ID_1_4260    A    G    5.5485e-02    5.5485e-02    0.0000e+00    0.0000e+00
chrom_1    4263    SNP_ID_1_4264    A    G    6.8112e-02    6.8112e-02    6.8112e-02    6.8112e-02
chrom_1    4265    SNP_ID_1_4266    A    G    5.2469e-02    5.2469e-02    0.0000e+00    0.0000e+00
chrom_1    4266    SNP_ID_1_4267    A    G    5.5963e-02    5.5963e-02    0.0000e+00    0.0000e+00
chrom_1    4267    SNP_ID_1_4268    A    G    7.7923e-02    7.7923e-02    0.0000e+00    0.0000e+00
chrom_1    4269    SNP_ID_1_4270    A    G    7.7203e-02    7.7203e-02    0.0000e+00    0.0000e+00
chrom_1    4270    SNP_ID_1_4271    A    G    6.6549e-02    6.6549e-02    0.0000e+00    0.0000e+00
chrom_1    4271    SNP_ID_1_4272    A    G    7.0452e-02    7.0452e-02    0.0000e+00    0.0000e+00
chrom_1    4272    SNP_ID_1_4273    A    G    9.0636e-02    9.0636e-02    0.0000e+00    0.0000e+00
chrom_1    4273    SNP_ID_1_4274    A    G    8.0213e-02    8.0213e-02    0.0000e+00    0.0000e+00
chrom_1    4274    SNP_ID_1_4275    A    G    9.9606e-02    9.9606e-02    0.0000e+00    0.0000e+00
chrom_1    4275    SNP_ID_1_4276    A    G    9.0218e-02    9.0218e-02    0.0000e+00    0.0000e+00
chrom_1    4276    SNP_ID_1_4277    A    G    1.2745e-01    1.2745e-01    1.2745e-01    1.2745e-01
chrom_1    4277    SNP_ID_1_4278    A    G    1.1431e-01    1.1431e-01    0.0000e+00    0.0000e+00
chrom_1    4278    SNP_ID_1_4279    A    G    9.4324e-02    9.4324e-02    0.0000e+00    0.0000e+00
chrom_1    4279    SNP_ID_1_4280    A    G    7.9116e-02    7.9116e-02    0.0000e+00    0.0000e+00
chrom_1    4280    SNP_ID_1_4281    A    G    8.2849e-02    8.2849e-02    0.0000e+00    0.0000e+00
chrom_1    4281    SNP_ID_1_4282    A    G    7.2674e-02    7.2674e-02    0.0000e+00    0.0000e+00
chrom_1    4282    SNP_ID_1_4283    A    G    6.8836e-02    6.8836e-02    0.0000e+00    0.0000e+00
chrom_1    4283    SNP_ID_1_4284    A    G    6.6641e-02    6.6641e-02    0.0000e+00    0.0000e+00
chrom_1    4285    SNP_ID_1_4286    A    G    5.5153e-02    5.5153e-02    0.0000e+00    0.0000e+00
chrom_1    4286    SNP_ID_1_4287    A    G    6.0477e-02    6.0477e-02    0.0000e+00    0.0000e+00
chrom_1    4287    SNP_ID_1_4288    A    G    5.5136e-02    5.5136e-02    0.0000e+00    0.0000e+00
chrom_1    4288    SNP_ID_1_4289    A    G    7.2976e-02    7.2976e-02    7.2976e-02    7.2976e-02
chrom_1    4289    SNP_ID_1_4290    A    G    6.7116e-02    6.7116e-02    0.0000e+00    0.0000e+00
chrom_1    4290    SNP_ID_1_4291    A    G    6.6031e-02    6.6031e-02    0.0000e+00    0.0000e+00
chrom_1    4291    SNP_ID_1_4292    A    G    5.3475e-02    5.3475e-02    0.0000e+00    0.0000e+00
chrom_1    4292    SNP_ID_1_4293    A    G    5.8563e-02    5.8563e-02    0.0000e+00    0.0000e+00
chrom_1    4293    SNP_ID_1_4294    A    G    6.1031e-02    6.1031e-02    0.0000e+00    0.0000e+00
chrom_1    4295    SNP_ID_1_4296    A    G    6.4437e-02    6.4437e-02    0.0000e+00    0.0000e+00
chrom_1    4509    SNP_ID_1_4510    A    G    -5.5037e-02    -5.5037e-02    -0.0000e+00    -0.0000e+00
chrom_1    4512    SNP_ID_1_4513    A    G    -6.2593e-02    -6.2593e-02    -0.0000e+00    -0.0000e+00
chrom_1    4513    SNP_ID_1_4514    A    G    -6.2784e-02    -6.2784e-02    -0.0000e+00    -0.0000e+00
chrom_1    4514    SNP_ID_1_4515    A    G    -6.1241e-02    -6.1241e-02    -0.0000e+00    -0.0000e+00
chrom_1    4515    SNP_ID_1_4516    A    G    -6.6681e-02    -6.6681e-02    -0.0000e+00    -0.0000e+00
chrom_1    4516    SNP_ID_1_4517    A    G    -7.5893e-02    -7.5893e-02    -7.5893e-02    -7.5893e-02
chrom_1    4518    SNP_ID_1_4519    A    G    -7.3221e-02    -7.3221e-02    -0.0000e+00    -0.0000e+00
chrom_1    4519    SNP_ID_1_4520    A    G    -5.7993e-02    -5.7993e-02    -0.0000e+00    -0.0000e+00
chrom_1    4520    SNP_ID_1_4521    A    G    -5.2444e-02    -5.2444e-02    -0.0000e+00    -0.0000e+00
chrom_1    4521    SNP_ID_1_4522    A    G    -7.6692e-02    -7.6692e-02    -0.0000e+00    -0.0000e+00
chrom_1    4522    SNP_ID_1_4523    A    G    -7.9293e-02    -7.9293e-02    -0.0000e+00    -0.0000e+00
chrom_1    4523    SNP_ID_1_4524    A    G    -7.8168e-02    -7.8168e-02    -0.0000e+00    -0.0000e+00
chrom_1    4524    SNP_ID_1_4525    A    G    -7.6778e-02    -7.6778e-02    -0.0000e+00    -0.0000e+00
chrom_1    4525    SNP_ID_1_4526    A    G    -8.3994e-02    -8.3994e-02    -0.0000e+00    -0.0000e+00
chrom_1    4526    SNP_ID_1_4527    A    G    -7.3852e-02    -7.3852e-02    -0.0000e+00    -0.0000e+00
chrom_1    4527    SNP_ID_1_4528    A    G    -1.1069e-01    -1.1069e-01    -1.1069e-01    -1.1069e-01
chrom_1    4528    SNP_ID_1_4529    A    G    -8.2605e-02    -8.2605e-02    -0.0000e+00    -0.0000e+00
chrom_1    4529    SNP_ID_1_4530    A    G    -8.3823e-02    -8.3823e-02    -0.0000e+00    -0.0000e+00
chrom_1    4530    SNP_ID_1_4531    A    G    -6.1012e-02    -6.1012e-02    -0.0000e+00    -0.0000e+00
chrom_1    4531    SNP_ID_1_4532    A    G    -5.6137e-02    -5.6137e-02    -0.0000e+00    -0.0000e+00
chrom_1    4534    SNP_ID_1_4535    A    G    -5.2608e-02    -5.2608e-02    -0.0000e+00    -0.0000e+00
chrom_1    4923    SNP_ID_1_4924    A    G    -5.3545e-02    -5.3545e-02    -5.3545e-02    -5.3545e-02
